Archive member included to satisfy reference by file (symbol)

C:/ST/STM32CubeIDE_1.18.1/STM32CubeIDE/plugins/com.st.stm32cube.ide.mcu.externaltools.gnu-tools-for-stm32.13.3.rel1.win32_1.0.0.202411081344/tools/bin/../lib/gcc/arm-none-eabi/13.3.1/../../../../arm-none-eabi/lib/thumb/v7e-m+dp/hard\libc_nano.a(libc_a-exit.o)
                              C:/ST/STM32CubeIDE_1.18.1/STM32CubeIDE/plugins/com.st.stm32cube.ide.mcu.externaltools.gnu-tools-for-stm32.13.3.rel1.win32_1.0.0.202411081344/tools/bin/../lib/gcc/arm-none-eabi/13.3.1/../../../../arm-none-eabi/lib/thumb/v7e-m+dp/hard/crt0.o (exit)
C:/ST/STM32CubeIDE_1.18.1/STM32CubeIDE/plugins/com.st.stm32cube.ide.mcu.externaltools.gnu-tools-for-stm32.13.3.rel1.win32_1.0.0.202411081344/tools/bin/../lib/gcc/arm-none-eabi/13.3.1/../../../../arm-none-eabi/lib/thumb/v7e-m+dp/hard\libc_nano.a(libc_a-findfp.o)
                              C:/ST/STM32CubeIDE_1.18.1/STM32CubeIDE/plugins/com.st.stm32cube.ide.mcu.externaltools.gnu-tools-for-stm32.13.3.rel1.win32_1.0.0.202411081344/tools/bin/../lib/gcc/arm-none-eabi/13.3.1/../../../../arm-none-eabi/lib/thumb/v7e-m+dp/hard\libc_nano.a(libc_a-exit.o) (__stdio_exit_handler)
C:/ST/STM32CubeIDE_1.18.1/STM32CubeIDE/plugins/com.st.stm32cube.ide.mcu.externaltools.gnu-tools-for-stm32.13.3.rel1.win32_1.0.0.202411081344/tools/bin/../lib/gcc/arm-none-eabi/13.3.1/../../../../arm-none-eabi/lib/thumb/v7e-m+dp/hard\libc_nano.a(libc_a-fwalk.o)
                              C:/ST/STM32CubeIDE_1.18.1/STM32CubeIDE/plugins/com.st.stm32cube.ide.mcu.externaltools.gnu-tools-for-stm32.13.3.rel1.win32_1.0.0.202411081344/tools/bin/../lib/gcc/arm-none-eabi/13.3.1/../../../../arm-none-eabi/lib/thumb/v7e-m+dp/hard\libc_nano.a(libc_a-findfp.o) (_fwalk_sglue)
C:/ST/STM32CubeIDE_1.18.1/STM32CubeIDE/plugins/com.st.stm32cube.ide.mcu.externaltools.gnu-tools-for-stm32.13.3.rel1.win32_1.0.0.202411081344/tools/bin/../lib/gcc/arm-none-eabi/13.3.1/../../../../arm-none-eabi/lib/thumb/v7e-m+dp/hard\libc_nano.a(libc_a-stdio.o)
                              C:/ST/STM32CubeIDE_1.18.1/STM32CubeIDE/plugins/com.st.stm32cube.ide.mcu.externaltools.gnu-tools-for-stm32.13.3.rel1.win32_1.0.0.202411081344/tools/bin/../lib/gcc/arm-none-eabi/13.3.1/../../../../arm-none-eabi/lib/thumb/v7e-m+dp/hard\libc_nano.a(libc_a-findfp.o) (__sread)
C:/ST/STM32CubeIDE_1.18.1/STM32CubeIDE/plugins/com.st.stm32cube.ide.mcu.externaltools.gnu-tools-for-stm32.13.3.rel1.win32_1.0.0.202411081344/tools/bin/../lib/gcc/arm-none-eabi/13.3.1/../../../../arm-none-eabi/lib/thumb/v7e-m+dp/hard\libc_nano.a(libc_a-memset.o)
                              C:/ST/STM32CubeIDE_1.18.1/STM32CubeIDE/plugins/com.st.stm32cube.ide.mcu.externaltools.gnu-tools-for-stm32.13.3.rel1.win32_1.0.0.202411081344/tools/bin/../lib/gcc/arm-none-eabi/13.3.1/../../../../arm-none-eabi/lib/thumb/v7e-m+dp/hard/crt0.o (memset)
C:/ST/STM32CubeIDE_1.18.1/STM32CubeIDE/plugins/com.st.stm32cube.ide.mcu.externaltools.gnu-tools-for-stm32.13.3.rel1.win32_1.0.0.202411081344/tools/bin/../lib/gcc/arm-none-eabi/13.3.1/../../../../arm-none-eabi/lib/thumb/v7e-m+dp/hard\libc_nano.a(libc_a-strstr.o)
                              ./Core/Src/main.o (strstr)
C:/ST/STM32CubeIDE_1.18.1/STM32CubeIDE/plugins/com.st.stm32cube.ide.mcu.externaltools.gnu-tools-for-stm32.13.3.rel1.win32_1.0.0.202411081344/tools/bin/../lib/gcc/arm-none-eabi/13.3.1/../../../../arm-none-eabi/lib/thumb/v7e-m+dp/hard\libc_nano.a(libc_a-closer.o)
                              C:/ST/STM32CubeIDE_1.18.1/STM32CubeIDE/plugins/com.st.stm32cube.ide.mcu.externaltools.gnu-tools-for-stm32.13.3.rel1.win32_1.0.0.202411081344/tools/bin/../lib/gcc/arm-none-eabi/13.3.1/../../../../arm-none-eabi/lib/thumb/v7e-m+dp/hard\libc_nano.a(libc_a-stdio.o) (_close_r)
C:/ST/STM32CubeIDE_1.18.1/STM32CubeIDE/plugins/com.st.stm32cube.ide.mcu.externaltools.gnu-tools-for-stm32.13.3.rel1.win32_1.0.0.202411081344/tools/bin/../lib/gcc/arm-none-eabi/13.3.1/../../../../arm-none-eabi/lib/thumb/v7e-m+dp/hard\libc_nano.a(libc_a-reent.o)
                              C:/ST/STM32CubeIDE_1.18.1/STM32CubeIDE/plugins/com.st.stm32cube.ide.mcu.externaltools.gnu-tools-for-stm32.13.3.rel1.win32_1.0.0.202411081344/tools/bin/../lib/gcc/arm-none-eabi/13.3.1/../../../../arm-none-eabi/lib/thumb/v7e-m+dp/hard\libc_nano.a(libc_a-closer.o) (errno)
C:/ST/STM32CubeIDE_1.18.1/STM32CubeIDE/plugins/com.st.stm32cube.ide.mcu.externaltools.gnu-tools-for-stm32.13.3.rel1.win32_1.0.0.202411081344/tools/bin/../lib/gcc/arm-none-eabi/13.3.1/../../../../arm-none-eabi/lib/thumb/v7e-m+dp/hard\libc_nano.a(libc_a-impure.o)
                              C:/ST/STM32CubeIDE_1.18.1/STM32CubeIDE/plugins/com.st.stm32cube.ide.mcu.externaltools.gnu-tools-for-stm32.13.3.rel1.win32_1.0.0.202411081344/tools/bin/../lib/gcc/arm-none-eabi/13.3.1/../../../../arm-none-eabi/lib/thumb/v7e-m+dp/hard\libc_nano.a(libc_a-reent.o) (_impure_ptr)
[...]
Memory Configuration

Name             Origin             Length             Attributes
RAM              0x20000000         0x00080000         xrw
FLASH            0x08000000         0x00200000         xr
*default*        0x00000000         0xffffffff

Linker script and memory map

LOAD C:/ST/STM32CubeIDE_1.18.1/STM32CubeIDE/plugins/com.st.stm32cube.ide.mcu.externaltools.gnu-tools-for-stm32.13.3.rel1.win32_1.0.0.202411081344/tools/bin/../lib/gcc/arm-none-eabi/13.3.1/thumb/v7e-m+dp/hard/crti.o
LOAD C:/ST/STM32CubeIDE_1.18.1/STM32CubeIDE/plugins/com.st.stm32cube.ide.mcu.externaltools.gnu-tools-for-stm32.13.3.rel1.win32_1.0.0.202411081344/tools/bin/../lib/gcc/arm-none-eabi/13.3.1/thumb/v7e-m+dp/hard/crtbegin.o
LOAD C:/ST/STM32CubeIDE_1.18.1/STM32CubeIDE/plugins/com.st.stm32cube.ide.mcu.externaltools.gnu-tools-for-stm32.13.3.rel1.win32_1.0.0.202411081344/tools/bin/../lib/gcc/arm-none-eabi/13.3.1/../../../../arm-none-eabi/lib/thumb/v7e-m+dp/hard/crt0.o
LOAD ./Core/Src/freertos.o
LOAD ./Core/Src/main.o
LOAD ./Core/Src/stm32f7xx_hal_msp.o
LOAD ./Core/Src/stm32f7xx_it.o
LOAD ./Core/Src/syscalls.o
LOAD ./Core/Src/sysmem.o
LOAD ./Core/Src/system_stm32f7xx.o
LOAD ./Core/Startup/startup_stm32f767zitx.o
LOAD ./Drivers/STM32F7xx_HAL_Driver/Src/stm32f7xx_hal.o
LOAD ./Drivers/STM32F7xx_HAL_Driver/Src/stm32f7xx_hal_cortex.o
LOAD ./Drivers/STM32F7xx_HAL_Driver/Src/stm32f7xx_hal_dma.o
LOAD ./Drivers/STM32F7xx_HAL_Driver/Src/stm32f7xx_hal_dma_ex.o
LOAD ./Drivers/STM32F7xx_HAL_Driver/Src/stm32f7xx_hal_exti.o
LOAD ./Drivers/STM32F7xx_HAL_Driver/Src/stm32f7xx_hal_flash.o
LOAD ./Drivers/STM32F7xx_HAL_Driver/Src/stm32f7xx_hal_flash_ex.o
LOAD ./Drivers/STM32F7xx_HAL_Driver/Src/stm32f7xx_hal_gpio.o
LOAD ./Drivers/STM32F7xx_HAL_Driver/Src/stm32f7xx_hal_i2c.o
LOAD ./Drivers/STM32F7xx_HAL_Driver/Src/stm32f7xx_hal_i2c_ex.o
LOAD ./Drivers/STM32F7xx_HAL_Driver/Src/stm32f7xx_hal_pwr.o
LOAD ./Drivers/STM32F7xx_HAL_Driver/Src/stm32f7xx_hal_pwr_ex.o
LOAD ./Drivers/STM32F7xx_HAL_Driver/Src/stm32f7xx_hal_rcc.o
LOAD ./Drivers/STM32F7xx_HAL_Driver/Src/stm32f7xx_hal_rcc_ex.o
LOAD ./Drivers/STM32F7xx_HAL_Driver/Src/stm32f7xx_hal_uart.o
LOAD ./Drivers/STM32F7xx_HAL_Driver/Src/stm32f7xx_hal_uart_ex.o
LOAD ./Middlewares/Third_Party/FreeRTOS/Source/CMSIS_RTOS/cmsis_os.o
LOAD ./Middlewares/Third_Party/FreeRTOS/Source/croutine.o
LOAD ./Middlewares/Third_Party/FreeRTOS/Source/event_groups.o
LOAD ./Middlewares/Third_Party/FreeRTOS/Source/list.o
LOAD ./Middlewares/Third_Party/FreeRTOS/Source/queue.o
LOAD ./Middlewares/Third_Party/FreeRTOS/Source/stream_buffer.o
LOAD ./Middlewares/Third_Party/FreeRTOS/Source/tasks.o
LOAD ./Middlewares/Third_Party/FreeRTOS/Source/timers.o
LOAD ./Middlewares/Third_Party/FreeRTOS/Source/portable/GCC/ARM_CM7/r0p1/port.o
LOAD ./Middlewares/Third_Party/FreeRTOS/Source/portable/MemMang/heap_4.o
START GROUP
LOAD C:/ST/STM32CubeIDE_1.18.1/STM32CubeIDE/plugins/com.st.stm32cube.ide.mcu.externaltools.gnu-tools-for-stm32.13.3.rel1.win32_1.0.0.202411081344/tools/bin/../lib/gcc/arm-none-eabi/13.3.1/../../../../arm-none-eabi/lib/thumb/v7e-m+dp/hard\libc_nano.a
LOAD C:/ST/STM32CubeIDE_1.18.1/STM32CubeIDE/plugins/com.st.stm32cube.ide.mcu.externaltools.gnu-tools-for-stm32.13.3.rel1.win32_1.0.0.202411081344/tools/bin/../lib/gcc/arm-none-eabi/13.3.1/../../../../arm-none-eabi/lib/thumb/v7e-m+dp/hard\libm.a
END GROUP
START GROUP
LOAD C:/ST/STM32CubeIDE_1.18.1/STM32CubeIDE/plugins/com.st.stm32cube.ide.mcu.externaltools.gnu-tools-for-stm32.13.3.rel1.win32_1.0.0.202411081344/tools/bin/../lib/gcc/arm-none-eabi/13.3.1/thumb/v7e-m+dp/hard\libgcc.a
LOAD C:/ST/STM32CubeIDE_1.18.1/STM32CubeIDE/plugins/com.st.stm32cube.ide.mcu.externaltools.gnu-tools-for-stm32.13.3.rel1.win32_1.0.0.202411081344/tools/bin/../lib/gcc/arm-none-eabi/13.3.1/../../../../arm-none-eabi/lib/thumb/v7e-m+dp/hard\libc_nano.a
END GROUP
START GROUP
LOAD C:/ST/STM32CubeIDE_1.18.1/STM32CubeIDE/plugins/com.st.stm32cube.ide.mcu.externaltools.gnu-tools-for-stm32.13.3.rel1.win32_1.0.0.202411081344/tools/bin/../lib/gcc/arm-none-eabi/13.3.1/thumb/v7e-m+dp/hard\libgcc.a
LOAD C:/ST/STM32CubeIDE_1.18.1/STM32CubeIDE/plugins/com.st.stm32cube.ide.mcu.externaltools.gnu-tools-for-stm32.13.3.rel1.win32_1.0.0.202411081344/tools/bin/../lib/gcc/arm-none-eabi/13.3.1/../../../../arm-none-eabi/lib/thumb/v7e-m+dp/hard\libc_nano.a
LOAD C:/ST/STM32CubeIDE_1.18.1/STM32CubeIDE/plugins/com.st.stm32cube.ide.mcu.externaltools.gnu-tools-for-stm32.13.3.rel1.win32_1.0.0.202411081344/tools/bin/../lib/gcc/arm-none-eabi/13.3.1/../../../../arm-none-eabi/lib/thumb/v7e-m+dp/hard\libnosys.a
END GROUP
START GROUP
LOAD C:/ST/STM32CubeIDE_1.18.1/STM32CubeIDE/plugins/com.st.stm32cube.ide.mcu.externaltools.gnu-tools-for-stm32.13.3.rel1.win32_1.0.0.202411081344/tools/bin/../lib/gcc/arm-none-eabi/13.3.1/thumb/v7e-m+dp/hard\libgcc.a
LOAD C:/ST/STM32CubeIDE_1.18.1/STM32CubeIDE/plugins/com.st.stm32cube.ide.mcu.externaltools.gnu-tools-for-stm32.13.3.rel1.win32_1.0.0.202411081344/tools/bin/../lib/gcc/arm-none-eabi/13.3.1/../../../../arm-none-eabi/lib/thumb/v7e-m+dp/hard\libc_nano.a
LOAD C:/ST/STM32CubeIDE_1.18.1/STM32CubeIDE/plugins/com.st.stm32cube.ide.mcu.externaltools.gnu-tools-for-stm32.13.3.rel1.win32_1.0.0.202411081344/tools/bin/../lib/gcc/arm-none-eabi/13.3.1/../../../../arm-none-eabi/lib/thumb/v7e-m+dp/hard\libnosys.a
END GROUP
LOAD C:/ST/STM32CubeIDE_1.18.1/STM32CubeIDE/plugins/com.st.stm32cube.ide.mcu.externaltools.gnu-tools-for-stm32.13.3.rel1.win32_1.0.0.202411081344/tools/bin/../lib/gcc/arm-none-eabi/13.3.1/thumb/v7e-m+dp/hard/crtend.o
LOAD C:/ST/STM32CubeIDE_1.18.1/STM32CubeIDE/plugins/com.st.stm32cube.ide.mcu.externaltools.gnu-tools-for-stm32.13.3.rel1.win32_1.0.0.202411081344/tools/bin/../lib/gcc/arm-none-eabi/13.3.1/thumb/v7e-m+dp/hard/crtn.o
                0x20080000                        _estack = (ORIGIN (RAM) + LENGTH (RAM))
                0x00000200                        _Min_Heap_Size = 0x200
                0x00000400                        _Min_Stack_Size = 0x400

.isr_vector     0x08000000      0x1f8
                0x08000000                        . = ALIGN (0x4)
 *(.isr_vector)
 .isr_vector    0x08000000      0x1f8 ./Core/Startup/startup_stm32f767zitx.o
                0x08000000                g_pfnVectors
                0x080001f8                        . = ALIGN (0x4)

.text           0x08000200     0x5528
                0x08000200                        . = ALIGN (0x4)
 *(.text)
 .text          0x08000200       0x40 C:/ST/STM32CubeIDE_1.18.1/STM32CubeIDE/plugins/com.st.stm32cube.ide.mcu.externaltools.gnu-tools-for-stm32.13.3.rel1.win32_1.0.0.202411081344/tools/bin/../lib/gcc/arm-none-eabi/13.3.1/thumb/v7e-m+dp/hard/crtbegin.o
 .text          0x08000240       0x30 C:/ST/STM32CubeIDE_1.18.1/STM32CubeIDE/plugins/com.st.stm32cube.ide.mcu.externaltools.gnu-tools-for-stm32.13.3.rel1.win32_1.0.0.202411081344/tools/bin/../lib/gcc/arm-none-eabi/13.3.1/thumb/v7e-m+dp/hard\libgcc.a(_aeabi_uldivmod.o)
                0x08000240                __aeabi_uldivmod
 .text          0x08000270      0x2f8 C:/ST/STM32CubeIDE_1.18.1/STM32CubeIDE/plugins/com.st.stm32cube.ide.mcu.externaltools.gnu-tools-for-stm32.13.3.rel1.win32_1.0.0.202411081344/tools/bin/../lib/gcc/arm-none-eabi/13.3.1/thumb/v7e-m+dp/hard\libgcc.a(_udivmoddi4.o)
                0x08000270                __udivmoddi4
 .text          0x08000568        0x4 C:/ST/STM32CubeIDE_1.18.1/STM32CubeIDE/plugins/com.st.stm32cube.ide.mcu.externaltools.gnu-tools-for-stm32.13.3.rel1.win32_1.0.0.202411081344/tools/bin/../lib/gcc/arm-none-eabi/13.3.1/thumb/v7e-m+dp/hard\libgcc.a(_dvmd_tls.o)
                0x08000568                __aeabi_idiv0
                0x08000568                __aeabi_ldiv0
 *(.text*)
 .text.HAL_UART_RxCpltCallback
                0x0800056c       0x9c ./Core/Src/main.o
                0x0800056c                HAL_UART_RxCpltCallback
 .text.vGetSemaphore
                0x08000608       0x50 ./Core/Src/main.o
                0x08000608                vGetSemaphore
 .text.main     0x08000658       0x64 ./Core/Src/main.o
                0x08000658                main
 .text.SystemClock_Config
                0x080006bc       0xb8 ./Core/Src/main.o
                0x080006bc                SystemClock_Config
 .text.MX_USART3_UART_Init
                0x08000774       0x60 ./Core/Src/main.o
 .text.MX_GPIO_Init
                0x080007d4       0x98 ./Core/Src/main.o
 .text.Error_Handler
                0x0800086c        0xc ./Core/Src/main.o
                0x0800086c                Error_Handler
 .text.HAL_MspInit
                0x08000878       0x50 ./Core/Src/stm32f7xx_hal_msp.o
                0x08000878                HAL_MspInit
 .text.HAL_UART_MspInit
                0x080008c8       0xd0 ./Core/Src/stm32f7xx_hal_msp.o
                0x080008c8                HAL_UART_MspInit
 .text.NMI_Handler
                0x08000998        0x8 ./Core/Src/stm32f7xx_it.o
                0x08000998                NMI_Handler
 .text.HardFault_Handler
                0x080009a0        0x8 ./Core/Src/stm32f7xx_it.o
                0x080009a0                HardFault_Handler
 .text.MemManage_Handler
                0x080009a8        0x8 ./Core/Src/stm32f7xx_it.o
                0x080009a8                MemManage_Handler
 .text.BusFault_Handler
                0x080009b0        0x8 ./Core/Src/stm32f7xx_it.o
                0x080009b0                BusFault_Handler
 .text.UsageFault_Handler
                0x080009b8        0x8 ./Core/Src/stm32f7xx_it.o
                0x080009b8                UsageFault_Handler
 .text.DebugMon_Handler
                0x080009c0        0xe ./Core/Src/stm32f7xx_it.o
                0x080009c0                DebugMon_Handler
 .text.SysTick_Handler
                0x080009ce       0x1a ./Core/Src/stm32f7xx_it.o
                0x080009ce                SysTick_Handler
 .text.USART3_IRQHandler
                0x080009e8       0x14 ./Core/Src/stm32f7xx_it.o
                0x080009e8                USART3_IRQHandler
 .text.SystemInit
                0x080009fc       0x24 ./Core/Src/system_stm32f7xx.o
                0x080009fc                SystemInit
 .text.Reset_Handler
                0x08000a20       0x50 ./Core/Startup/startup_stm32f767zitx.o
                0x08000a20                Reset_Handler
 .text.Default_Handler
                0x08000a70        0x2 ./Core/Startup/startup_stm32f767zitx.o
                0x08000a70                RTC_Alarm_IRQHandler
                0x08000a70                EXTI2_IRQHandler
                0x08000a70                TIM8_CC_IRQHandler
                0x08000a70                UART8_IRQHandler
                0x08000a70                SPI4_IRQHandler
                0x08000a70                TIM1_CC_IRQHandler
                0x08000a70                DMA2_Stream5_IRQHandler
                0x08000a70                JPEG_IRQHandler
                0x08000a70                DMA1_Stream5_IRQHandler
                0x08000a70                CAN3_RX1_IRQHandler
                0x08000a70                PVD_IRQHandler
                0x08000a70                TAMP_STAMP_IRQHandler
                0x08000a70                CAN2_RX1_IRQHandler
                0x08000a70                EXTI3_IRQHandler
                0x08000a70                TIM8_TRG_COM_TIM14_IRQHandler
                0x08000a70                DFSDM1_FLT1_IRQHandler
                0x08000a70                TIM1_UP_TIM10_IRQHandler
                0x08000a70                TIM8_UP_TIM13_IRQHandler
                0x08000a70                I2C3_ER_IRQHandler
                0x08000a70                DFSDM1_FLT2_IRQHandler
                0x08000a70                EXTI0_IRQHandler
                0x08000a70                I2C2_EV_IRQHandler
                0x08000a70                DMA1_Stream2_IRQHandler
                0x08000a70                CAN1_RX0_IRQHandler
                0x08000a70                FPU_IRQHandler
                0x08000a70                OTG_HS_WKUP_IRQHandler
                0x08000a70                CAN3_SCE_IRQHandler
                0x08000a70                LTDC_ER_IRQHandler
                0x08000a70                CAN2_SCE_IRQHandler
                0x08000a70                DMA2_Stream2_IRQHandler
                0x08000a70                SPI1_IRQHandler
                0x08000a70                TIM6_DAC_IRQHandler
                0x08000a70                TIM1_BRK_TIM9_IRQHandler
                0x08000a70                DCMI_IRQHandler
                0x08000a70                CAN2_RX0_IRQHandler
                0x08000a70                DMA2_Stream3_IRQHandler
                0x08000a70                SAI2_IRQHandler
                0x08000a70                DFSDM1_FLT3_IRQHandler
                0x08000a70                USART6_IRQHandler
                0x08000a70                CAN3_RX0_IRQHandler
                0x08000a70                CAN1_RX1_IRQHandler
                0x08000a70                UART5_IRQHandler
                0x08000a70                DMA2_Stream0_IRQHandler
                0x08000a70                TIM4_IRQHandler
                0x08000a70                QUADSPI_IRQHandler
                0x08000a70                I2C1_EV_IRQHandler
                0x08000a70                DMA1_Stream6_IRQHandler
                0x08000a70                DMA1_Stream1_IRQHandler
                0x08000a70                UART4_IRQHandler
                0x08000a70                TIM3_IRQHandler
                0x08000a70                RCC_IRQHandler
                0x08000a70                TIM8_BRK_TIM12_IRQHandler
                0x08000a70                Default_Handler
                0x08000a70                CEC_IRQHandler
                0x08000a70                EXTI15_10_IRQHandler
                0x08000a70                ADC_IRQHandler
                0x08000a70                DMA1_Stream7_IRQHandler
                0x08000a70                SPI5_IRQHandler
                0x08000a70                TIM7_IRQHandler
                0x08000a70                SDMMC1_IRQHandler
                0x08000a70                CAN2_TX_IRQHandler
                0x08000a70                TIM5_IRQHandler
                0x08000a70                DMA2_Stream7_IRQHandler
                0x08000a70                I2C3_EV_IRQHandler
                0x08000a70                EXTI9_5_IRQHandler
                0x08000a70                RTC_WKUP_IRQHandler
                0x08000a70                LTDC_IRQHandler
                0x08000a70                ETH_WKUP_IRQHandler
                0x08000a70                SPDIF_RX_IRQHandler
                0x08000a70                SPI2_IRQHandler
                0x08000a70                OTG_HS_EP1_IN_IRQHandler
                0x08000a70                DMA1_Stream0_IRQHandler
                0x08000a70                CAN1_TX_IRQHandler
                0x08000a70                EXTI4_IRQHandler
                0x08000a70                RNG_IRQHandler
                0x08000a70                ETH_IRQHandler
                0x08000a70                OTG_HS_EP1_OUT_IRQHandler
                0x08000a70                WWDG_IRQHandler
                0x08000a70                SPI6_IRQHandler
                0x08000a70                MDIOS_IRQHandler
                0x08000a70                I2C4_EV_IRQHandler
                0x08000a70                CAN3_TX_IRQHandler
                0x08000a70                TIM2_IRQHandler
                0x08000a70                OTG_FS_WKUP_IRQHandler
                0x08000a70                TIM1_TRG_COM_TIM11_IRQHandler
                0x08000a70                OTG_HS_IRQHandler
                0x08000a70                DMA2D_IRQHandler
                0x08000a70                EXTI1_IRQHandler
                0x08000a70                SDMMC2_IRQHandler
                0x08000a70                UART7_IRQHandler
                0x08000a70                USART2_IRQHandler
                0x08000a70                DFSDM1_FLT0_IRQHandler
                0x08000a70                I2C2_ER_IRQHandler
                0x08000a70                DMA2_Stream1_IRQHandler
                0x08000a70                CAN1_SCE_IRQHandler
                0x08000a70                FLASH_IRQHandler
                0x08000a70                DMA2_Stream4_IRQHandler
                0x08000a70                USART1_IRQHandler
                0x08000a70                OTG_FS_IRQHandler
                0x08000a70                SPI3_IRQHandler
                0x08000a70                DMA1_Stream4_IRQHandler
                0x08000a70                I2C1_ER_IRQHandler
                0x08000a70                FMC_IRQHandler
                0x08000a70                LPTIM1_IRQHandler
                0x08000a70                I2C4_ER_IRQHandler
                0x08000a70                DMA2_Stream6_IRQHandler
                0x08000a70                SAI1_IRQHandler
                0x08000a70                DMA1_Stream3_IRQHandler
 .text.HAL_Init
                0x08000a72       0x1a ./Drivers/STM32F7xx_HAL_Driver/Src/stm32f7xx_hal.o
                0x08000a72                HAL_Init
 .text.HAL_InitTick
                0x08000a8c       0x60 ./Drivers/STM32F7xx_HAL_Driver/Src/stm32f7xx_hal.o
                0x08000a8c                HAL_InitTick
 .text.HAL_IncTick
                0x08000aec       0x28 ./Drivers/STM32F7xx_HAL_Driver/Src/stm32f7xx_hal.o
                0x08000aec                HAL_IncTick
 .text.HAL_GetTick
                0x08000b14       0x18 ./Drivers/STM32F7xx_HAL_Driver/Src/stm32f7xx_hal.o
                0x08000b14                HAL_GetTick
 .text.__NVIC_SetPriorityGrouping
                0x08000b2c       0x48 ./Drivers/STM32F7xx_HAL_Driver/Src/stm32f7xx_hal_cortex.o
 .text.__NVIC_GetPriorityGrouping
                0x08000b74       0x1c ./Drivers/STM32F7xx_HAL_Driver/Src/stm32f7xx_hal_cortex.o
 .text.__NVIC_EnableIRQ
                0x08000b90       0x3c ./Drivers/STM32F7xx_HAL_Driver/Src/stm32f7xx_hal_cortex.o
 .text.__NVIC_SetPriority
                0x08000bcc       0x54 ./Drivers/STM32F7xx_HAL_Driver/Src/stm32f7xx_hal_cortex.o
 .text.NVIC_EncodePriority
                0x08000c20       0x66 ./Drivers/STM32F7xx_HAL_Driver/Src/stm32f7xx_hal_cortex.o
 *fill*         0x08000c86        0x2 
 .text.SysTick_Config
                0x08000c88       0x44 ./Drivers/STM32F7xx_HAL_Driver/Src/stm32f7xx_hal_cortex.o
 .text.HAL_NVIC_SetPriorityGrouping
                0x08000ccc       0x16 ./Drivers/STM32F7xx_HAL_Driver/Src/stm32f7xx_hal_cortex.o
                0x08000ccc                HAL_NVIC_SetPriorityGrouping
 .text.HAL_NVIC_SetPriority
                0x08000ce2       0x38 ./Drivers/STM32F7xx_HAL_Driver/Src/stm32f7xx_hal_cortex.o
                0x08000ce2                HAL_NVIC_SetPriority
 .text.HAL_NVIC_EnableIRQ
                0x08000d1a       0x1c ./Drivers/STM32F7xx_HAL_Driver/Src/stm32f7xx_hal_cortex.o
                0x08000d1a                HAL_NVIC_EnableIRQ
 .text.HAL_SYSTICK_Config
                0x08000d36       0x18 ./Drivers/STM32F7xx_HAL_Driver/Src/stm32f7xx_hal_cortex.o
                0x08000d36                HAL_SYSTICK_Config
 .text.HAL_DMA_Abort
                0x08000d4e       0xe0 ./Drivers/STM32F7xx_HAL_Driver/Src/stm32f7xx_hal_dma.o
                0x08000d4e                HAL_DMA_Abort
 .text.HAL_DMA_Abort_IT
                0x08000e2e       0x44 ./Drivers/STM32F7xx_HAL_Driver/Src/stm32f7xx_hal_dma.o
                0x08000e2e                HAL_DMA_Abort_IT
 *fill*         0x08000e72        0x2 
 .text.HAL_GPIO_Init
                0x08000e74      0x358 ./Drivers/STM32F7xx_HAL_Driver/Src/stm32f7xx_hal_gpio.o
                0x08000e74                HAL_GPIO_Init
 .text.HAL_GPIO_WritePin
                0x080011cc       0x32 ./Drivers/STM32F7xx_HAL_Driver/Src/stm32f7xx_hal_gpio.o
                0x080011cc                HAL_GPIO_WritePin
 *fill*         0x080011fe        0x2 
 .text.HAL_RCC_OscConfig
                0x08001200      0x55c ./Drivers/STM32F7xx_HAL_Driver/Src/stm32f7xx_hal_rcc.o
                0x08001200                HAL_RCC_OscConfig
 .text.HAL_RCC_ClockConfig
                0x0800175c      0x1d8 ./Drivers/STM32F7xx_HAL_Driver/Src/stm32f7xx_hal_rcc.o
                0x0800175c                HAL_RCC_ClockConfig
 .text.HAL_RCC_GetSysClockFreq
                0x08001934      0x18c ./Drivers/STM32F7xx_HAL_Driver/Src/stm32f7xx_hal_rcc.o
                0x08001934                HAL_RCC_GetSysClockFreq
 .text.HAL_RCC_GetHCLKFreq
                0x08001ac0       0x18 ./Drivers/STM32F7xx_HAL_Driver/Src/stm32f7xx_hal_rcc.o
                0x08001ac0                HAL_RCC_GetHCLKFreq
 .text.HAL_RCC_GetPCLK1Freq
                0x08001ad8       0x28 ./Drivers/STM32F7xx_HAL_Driver/Src/stm32f7xx_hal_rcc.o
                0x08001ad8                HAL_RCC_GetPCLK1Freq
 .text.HAL_RCC_GetPCLK2Freq
                0x08001b00       0x28 ./Drivers/STM32F7xx_HAL_Driver/Src/stm32f7xx_hal_rcc.o
                0x08001b00                HAL_RCC_GetPCLK2Freq
 .text.HAL_RCCEx_PeriphCLKConfig
                0x08001b28      0x850 ./Drivers/STM32F7xx_HAL_Driver/Src/stm32f7xx_hal_rcc_ex.o
                0x08001b28                HAL_RCCEx_PeriphCLKConfig
 .text.HAL_UART_Init
                0x08002378       0x9c ./Drivers/STM32F7xx_HAL_Driver/Src/stm32f7xx_hal_uart.o
                0x08002378                HAL_UART_Init
 .text.HAL_UART_Receive_IT
                0x08002414       0x88 ./Drivers/STM32F7xx_HAL_Driver/Src/stm32f7xx_hal_uart.o
                0x08002414                HAL_UART_Receive_IT
 .text.HAL_UART_IRQHandler
                0x0800249c      0x604 ./Drivers/STM32F7xx_HAL_Driver/Src/stm32f7xx_hal_uart.o
                0x0800249c                HAL_UART_IRQHandler
 .text.HAL_UART_TxCpltCallback
                0x08002aa0       0x14 ./Drivers/STM32F7xx_HAL_Driver/Src/stm32f7xx_hal_uart.o
                0x08002aa0                HAL_UART_TxCpltCallback
 .text.HAL_UART_ErrorCallback
                0x08002ab4       0x14 ./Drivers/STM32F7xx_HAL_Driver/Src/stm32f7xx_hal_uart.o
                0x08002ab4                HAL_UART_ErrorCallback
 .text.HAL_UARTEx_RxEventCallback
                0x08002ac8       0x18 ./Drivers/STM32F7xx_HAL_Driver/Src/stm32f7xx_hal_uart.o
                0x08002ac8                HAL_UARTEx_RxEventCallback
 .text.HAL_UARTEx_WakeupCallback
                0x08002ae0       0x14 ./Drivers/STM32F7xx_HAL_Driver/Src/stm32f7xx_hal_uart.o
                0x08002ae0                HAL_UARTEx_WakeupCallback
 .text.UART_SetConfig
                0x08002af4      0x4c8 ./Drivers/STM32F7xx_HAL_Driver/Src/stm32f7xx_hal_uart.o
                0x08002af4                UART_SetConfig
 .text.UART_AdvFeatureConfig
                0x08002fbc      0x144 ./Drivers/STM32F7xx_HAL_Driver/Src/stm32f7xx_hal_uart.o
                0x08002fbc                UART_AdvFeatureConfig
 .text.UART_CheckIdleState
                0x08003100      0x150 ./Drivers/STM32F7xx_HAL_Driver/Src/stm32f7xx_hal_uart.o
                0x08003100                UART_CheckIdleState
 .text.UART_WaitOnFlagUntilTimeout
                0x08003250       0xda ./Drivers/STM32F7xx_HAL_Driver/Src/stm32f7xx_hal_uart.o
                0x08003250                UART_WaitOnFlagUntilTimeout
 *fill*         0x0800332a        0x2 
 .text.UART_Start_Receive_IT
                0x0800332c      0x18c ./Drivers/STM32F7xx_HAL_Driver/Src/stm32f7xx_hal_uart.o
                0x0800332c                UART_Start_Receive_IT
 .text.UART_EndRxTransfer
                0x080034b8       0xc8 ./Drivers/STM32F7xx_HAL_Driver/Src/stm32f7xx_hal_uart.o
 .text.UART_DMAAbortOnError
                0x08003580       0x24 ./Drivers/STM32F7xx_HAL_Driver/Src/stm32f7xx_hal_uart.o
 .text.UART_EndTransmit_IT
                0x080035a4       0x54 ./Drivers/STM32F7xx_HAL_Driver/Src/stm32f7xx_hal_uart.o
 .text.UART_RxISR_8BIT
                0x080035f8      0x1a8 ./Drivers/STM32F7xx_HAL_Driver/Src/stm32f7xx_hal_uart.o
 .text.UART_RxISR_16BIT
                0x080037a0      0x1a8 ./Drivers/STM32F7xx_HAL_Driver/Src/stm32f7xx_hal_uart.o
 .text.vListInitialise
                0x08003948       0x40 ./Middlewares/Third_Party/FreeRTOS/Source/list.o
                0x08003948                vListInitialise
 .text.vListInitialiseItem
                0x08003988       0x1a ./Middlewares/Third_Party/FreeRTOS/Source/list.o
                0x08003988                vListInitialiseItem
 .text.vListInsertEnd
                0x080039a2       0x48 ./Middlewares/Third_Party/FreeRTOS/Source/list.o
                0x080039a2                vListInsertEnd
 .text.vListInsert
                0x080039ea       0x72 ./Middlewares/Third_Party/FreeRTOS/Source/list.o
                0x080039ea                vListInsert
 .text.uxListRemove
                0x08003a5c       0x54 ./Middlewares/Third_Party/FreeRTOS/Source/list.o
                0x08003a5c                uxListRemove
 .text.xQueueGenericReset
                0x08003ab0       0xd8 ./Middlewares/Third_Party/FreeRTOS/Source/queue.o
                0x08003ab0                xQueueGenericReset
 .text.xQueueGenericCreate
                0x08003b88       0x7e ./Middlewares/Third_Party/FreeRTOS/Source/queue.o
                0x08003b88                xQueueGenericCreate
 .text.prvInitialiseNewQueue
                0x08003c06       0x3e ./Middlewares/Third_Party/FreeRTOS/Source/queue.o
 .text.xQueueGiveFromISR
                0x08003c44      0x130 ./Middlewares/Third_Party/FreeRTOS/Source/queue.o
                0x08003c44                xQueueGiveFromISR
 .text.xQueueSemaphoreTake
                0x08003d74      0x230 ./Middlewares/Third_Party/FreeRTOS/Source/queue.o
                0x08003d74                xQueueSemaphoreTake
 .text.prvGetDisinheritPriorityAfterTimeout
                0x08003fa4       0x30 ./Middlewares/Third_Party/FreeRTOS/Source/queue.o
 .text.prvUnlockQueue
                0x08003fd4       0xa4 ./Middlewares/Third_Party/FreeRTOS/Source/queue.o
 .text.prvIsQueueEmpty
                0x08004078       0x2c ./Middlewares/Third_Party/FreeRTOS/Source/queue.o
 .text.xTaskCreate
                0x080040a4       0x82 ./Middlewares/Third_Party/FreeRTOS/Source/tasks.o
                0x080040a4                xTaskCreate
 .text.prvInitialiseNewTask
                0x08004126      0x114 ./Middlewares/Third_Party/FreeRTOS/Source/tasks.o
 *fill*         0x0800423a        0x2 
 .text.prvAddNewTaskToReadyList
                0x0800423c       0xd4 ./Middlewares/Third_Party/FreeRTOS/Source/tasks.o
 .text.vTaskStartScheduler
                0x08004310       0x98 ./Middlewares/Third_Party/FreeRTOS/Source/tasks.o
                0x08004310                vTaskStartScheduler
 .text.vTaskSuspendAll
                0x080043a8       0x1c ./Middlewares/Third_Party/FreeRTOS/Source/tasks.o
                0x080043a8                vTaskSuspendAll
 .text.xTaskResumeAll
                0x080043c4      0x140 ./Middlewares/Third_Party/FreeRTOS/Source/tasks.o
                0x080043c4                xTaskResumeAll
 .text.xTaskIncrementTick
                0x08004504      0x178 ./Middlewares/Third_Party/FreeRTOS/Source/tasks.o
                0x08004504                xTaskIncrementTick
 .text.vTaskSwitchContext
                0x0800467c       0xbc ./Middlewares/Third_Party/FreeRTOS/Source/tasks.o
                0x0800467c                vTaskSwitchContext
 .text.vTaskPlaceOnEventList
                0x08004738       0x50 ./Middlewares/Third_Party/FreeRTOS/Source/tasks.o
                0x08004738                vTaskPlaceOnEventList
 .text.xTaskRemoveFromEventList
                0x08004788       0xcc ./Middlewares/Third_Party/FreeRTOS/Source/tasks.o
                0x08004788                xTaskRemoveFromEventList
 .text.vTaskInternalSetTimeOutState
                0x08004854       0x2c ./Middlewares/Third_Party/FreeRTOS/Source/tasks.o
                0x08004854                vTaskInternalSetTimeOutState
 .text.xTaskCheckForTimeOut
                0x08004880       0xd0 ./Middlewares/Third_Party/FreeRTOS/Source/tasks.o
                0x08004880                xTaskCheckForTimeOut
 .text.vTaskMissedYield
                0x08004950       0x18 ./Middlewares/Third_Party/FreeRTOS/Source/tasks.o
                0x08004950                vTaskMissedYield
 .text.prvIdleTask
                0x08004968       0x30 ./Middlewares/Third_Party/FreeRTOS/Source/tasks.o
 .text.prvInitialiseTaskLists
                0x08004998       0x80 ./Middlewares/Third_Party/FreeRTOS/Source/tasks.o
 .text.prvCheckTasksWaitingTermination
                0x08004a18       0x5c ./Middlewares/Third_Party/FreeRTOS/Source/tasks.o
 .text.prvDeleteTCB
                0x08004a74       0x20 ./Middlewares/Third_Party/FreeRTOS/Source/tasks.o
 .text.prvResetNextTaskUnblockTime
                0x08004a94       0x40 ./Middlewares/Third_Party/FreeRTOS/Source/tasks.o
 .text.xTaskGetSchedulerState
                0x08004ad4       0x3c ./Middlewares/Third_Party/FreeRTOS/Source/tasks.o
                0x08004ad4                xTaskGetSchedulerState
 .text.xTaskPriorityInherit
                0x08004b10      0x100 ./Middlewares/Third_Party/FreeRTOS/Source/tasks.o
                0x08004b10                xTaskPriorityInherit
 .text.vTaskPriorityDisinheritAfterTimeout
                0x08004c10      0x140 ./Middlewares/Third_Party/FreeRTOS/Source/tasks.o
                0x08004c10                vTaskPriorityDisinheritAfterTimeout
 .text.pvTaskIncrementMutexHeldCount
                0x08004d50       0x28 ./Middlewares/Third_Party/FreeRTOS/Source/tasks.o
                0x08004d50                pvTaskIncrementMutexHeldCount
 .text.prvAddCurrentTaskToDelayedList
                0x08004d78       0xcc ./Middlewares/Third_Party/FreeRTOS/Source/tasks.o
 .text.pxPortInitialiseStack
                0x08004e44       0x68 ./Middlewares/Third_Party/FreeRTOS/Source/portable/GCC/ARM_CM7/r0p1/port.o
                0x08004e44                pxPortInitialiseStack
 .text.prvTaskExitError
                0x08004eac       0x64 ./Middlewares/Third_Party/FreeRTOS/Source/portable/GCC/ARM_CM7/r0p1/port.o
 .text.SVC_Handler
                0x08004f10       0x28 ./Middlewares/Third_Party/FreeRTOS/Source/portable/GCC/ARM_CM7/r0p1/port.o
                0x08004f10                SVC_Handler
 .text.prvPortStartFirstTask
                0x08004f38       0x28 ./Middlewares/Third_Party/FreeRTOS/Source/portable/GCC/ARM_CM7/r0p1/port.o
 .text.xPortStartScheduler
                0x08004f60       0xfc ./Middlewares/Third_Party/FreeRTOS/Source/portable/GCC/ARM_CM7/r0p1/port.o
                0x08004f60                xPortStartScheduler
 .text.vPortEnterCritical
                0x0800505c       0x6c ./Middlewares/Third_Party/FreeRTOS/Source/portable/GCC/ARM_CM7/r0p1/port.o
                0x0800505c                vPortEnterCritical
 .text.vPortExitCritical
                0x080050c8       0x58 ./Middlewares/Third_Party/FreeRTOS/Source/portable/GCC/ARM_CM7/r0p1/port.o
                0x080050c8                vPortExitCritical
 .text.PendSV_Handler
                0x08005120       0x68 ./Middlewares/Third_Party/FreeRTOS/Source/portable/GCC/ARM_CM7/r0p1/port.o
                0x08005120                PendSV_Handler
 .text.xPortSysTickHandler
                0x08005188       0x48 ./Middlewares/Third_Party/FreeRTOS/Source/portable/GCC/ARM_CM7/r0p1/port.o
                0x08005188                xPortSysTickHandler
 .text.vPortSetupTimerInterrupt
                0x080051d0       0x48 ./Middlewares/Third_Party/FreeRTOS/Source/portable/GCC/ARM_CM7/r0p1/port.o
                0x080051d0                vPortSetupTimerInterrupt
 .text.vPortEnableVFP
                0x08005218       0x14 ./Middlewares/Third_Party/FreeRTOS/Source/portable/GCC/ARM_CM7/r0p1/port.o
 .text.vPortValidateInterruptPriority
                0x0800522c       0x8c ./Middlewares/Third_Party/FreeRTOS/Source/portable/GCC/ARM_CM7/r0p1/port.o
                0x0800522c                vPortValidateInterruptPriority
 .text.pvPortMalloc
                0x080052b8      0x19c ./Middlewares/Third_Party/FreeRTOS/Source/portable/MemMang/heap_4.o
                0x080052b8                pvPortMalloc
 .text.vPortFree
                0x08005454       0xc0 ./Middlewares/Third_Party/FreeRTOS/Source/portable/MemMang/heap_4.o
                0x08005454                vPortFree
 .text.prvHeapInit
                0x08005514       0xc4 ./Middlewares/Third_Party/FreeRTOS/Source/portable/MemMang/heap_4.o
 .text.prvInsertBlockIntoFreeList
                0x080055d8       0xb4 ./Middlewares/Third_Party/FreeRTOS/Source/portable/MemMang/heap_4.o
 .text.memset   0x0800568c       0x10 C:/ST/STM32CubeIDE_1.18.1/STM32CubeIDE/plugins/com.st.stm32cube.ide.mcu.externaltools.gnu-tools-for-stm32.13.3.rel1.win32_1.0.0.202411081344/tools/bin/../lib/gcc/arm-none-eabi/13.3.1/../../../../arm-none-eabi/lib/thumb/v7e-m+dp/hard\libc_nano.a(libc_a-memset.o)
                0x0800568c                memset
 .text.strstr   0x0800569c       0x2c C:/ST/STM32CubeIDE_1.18.1/STM32CubeIDE/plugins/com.st.stm32cube.ide.mcu.externaltools.gnu-tools-for-stm32.13.3.rel1.win32_1.0.0.202411081344/tools/bin/../lib/gcc/arm-none-eabi/13.3.1/../../../../arm-none-eabi/lib/thumb/v7e-m+dp/hard\libc_nano.a(libc_a-strstr.o)
                0x0800569c                strstr
 .text.__libc_init_array
                0x080056c8       0x48 C:/ST/STM32CubeIDE_1.18.1/STM32CubeIDE/plugins/com.st.stm32cube.ide.mcu.externaltools.gnu-tools-for-stm32.13.3.rel1.win32_1.0.0.202411081344/tools/bin/../lib/gcc/arm-none-eabi/13.3.1/../../../../arm-none-eabi/lib/thumb/v7e-m+dp/hard\libc_nano.a(libc_a-init.o)
                0x080056c8                __libc_init_array
 *(.glue_7)
 .glue_7        0x08005710        0x0 linker stubs
 *(.glue_7t)
 .glue_7t       0x08005710        0x0 linker stubs
 *(.eh_frame)
 .eh_frame      0x08005710        0x0 C:/ST/STM32CubeIDE_1.18.1/STM32CubeIDE/plugins/com.st.stm32cube.ide.mcu.externaltools.gnu-tools-for-stm32.13.3.rel1.win32_1.0.0.202411081344/tools/bin/../lib/gcc/arm-none-eabi/13.3.1/thumb/v7e-m+dp/hard/crtbegin.o
 *(.init)
 .init          0x08005710        0x4 C:/ST/STM32CubeIDE_1.18.1/STM32CubeIDE/plugins/com.st.stm32cube.ide.mcu.externaltools.gnu-tools-for-stm32.13.3.rel1.win32_1.0.0.202411081344/tools/bin/../lib/gcc/arm-none-eabi/13.3.1/thumb/v7e-m+dp/hard/crti.o
                0x08005710                _init
 .init          0x08005714        0x8 C:/ST/STM32CubeIDE_1.18.1/STM32CubeIDE/plugins/com.st.stm32cube.ide.mcu.externaltools.gnu-tools-for-stm32.13.3.rel1.win32_1.0.0.202411081344/tools/bin/../lib/gcc/arm-none-eabi/13.3.1/thumb/v7e-m+dp/hard/crtn.o
 *(.fini)
 .fini          0x0800571c        0x4 C:/ST/STM32CubeIDE_1.18.1/STM32CubeIDE/plugins/com.st.stm32cube.ide.mcu.externaltools.gnu-tools-for-stm32.13.3.rel1.win32_1.0.0.202411081344/tools/bin/../lib/gcc/arm-none-eabi/13.3.1/thumb/v7e-m+dp/hard/crti.o
                0x0800571c                _fini
 .fini          0x08005720        0x8 C:/ST/STM32CubeIDE_1.18.1/STM32CubeIDE/plugins/com.st.stm32cube.ide.mcu.externaltools.gnu-tools-for-stm32.13.3.rel1.win32_1.0.0.202411081344/tools/bin/../lib/gcc/arm-none-eabi/13.3.1/thumb/v7e-m+dp/hard/crtn.o
                0x08005728                        . = ALIGN (0x4)
                0x08005728                        _etext = .

.vfp11_veneer   0x08005728        0x0
 .vfp11_veneer  0x08005728        0x0 linker stubs

.v4_bx          0x08005728        0x0
 .v4_bx         0x08005728        0x0 linker stubs

.iplt           0x08005728        0x0
 .iplt          0x08005728        0x0 C:/ST/STM32CubeIDE_1.18.1/STM32CubeIDE/plugins/com.st.stm32cube.ide.mcu.externaltools.gnu-tools-for-stm32.13.3.rel1.win32_1.0.0.202411081344/tools/bin/../lib/gcc/arm-none-eabi/13.3.1/thumb/v7e-m+dp/hard/crtbegin.o

.rodata         0x08005728       0x28
                0x08005728                        . = ALIGN (0x4)
 *(.rodata)
 .rodata        0x08005728        0x8 ./Core/Src/main.o
 .rodata        0x08005730        0x5 ./Middlewares/Third_Party/FreeRTOS/Source/tasks.o
 *(.rodata*)
 *fill*         0x08005735        0x3 
 .rodata.AHBPrescTable
                0x08005738       0x10 ./Core/Src/system_stm32f7xx.o
                0x08005738                AHBPrescTable
 .rodata.APBPrescTable
                0x08005748        0x8 ./Core/Src/system_stm32f7xx.o
                0x08005748                APBPrescTable
                0x08005750                        . = ALIGN (0x4)

.ARM.extab      0x08005750        0x0
                0x08005750                        . = ALIGN (0x4)
 *(.ARM.extab* .gnu.linkonce.armextab.*)
                0x08005750                        . = ALIGN (0x4)

.ARM            0x08005750        0x8
                0x08005750                        . = ALIGN (0x4)
                0x08005750                        __exidx_start = .
 *(.ARM.exidx*)
 .ARM.exidx     0x08005750        0x8 C:/ST/STM32CubeIDE_1.18.1/STM32CubeIDE/plugins/com.st.stm32cube.ide.mcu.externaltools.gnu-tools-for-stm32.13.3.rel1.win32_1.0.0.202411081344/tools/bin/../lib/gcc/arm-none-eabi/13.3.1/thumb/v7e-m+dp/hard\libgcc.a(_udivmoddi4.o)
                0x08005758                        __exidx_end = .
                0x08005758                        . = ALIGN (0x4)

.preinit_array  0x08005758        0x0
                0x08005758                        . = ALIGN (0x4)
                0x08005758                        PROVIDE (__preinit_array_start = .)
 *(.preinit_array*)
                0x08005758                        PROVIDE (__preinit_array_end = .)
                0x08005758                        . = ALIGN (0x4)

.init_array     0x08005758        0x4
                0x08005758                        . = ALIGN (0x4)
                0x08005758                        PROVIDE (__init_array_start = .)
 *(SORT_BY_NAME(.init_array.*))
 *(.init_array*)
 .init_array    0x08005758        0x4 C:/ST/STM32CubeIDE_1.18.1/STM32CubeIDE/plugins/com.st.stm32cube.ide.mcu.externaltools.gnu-tools-for-stm32.13.3.rel1.win32_1.0.0.202411081344/tools/bin/../lib/gcc/arm-none-eabi/13.3.1/thumb/v7e-m+dp/hard/crtbegin.o
                0x0800575c                        PROVIDE (__init_array_end = .)
                0x0800575c                        . = ALIGN (0x4)

.fini_array     0x0800575c        0x4
                0x0800575c                        . = ALIGN (0x4)
                [!provide]                        PROVIDE (__fini_array_start = .)
 *(SORT_BY_NAME(.fini_array.*))
 *(.fini_array*)
 .fini_array    0x0800575c        0x4 C:/ST/STM32CubeIDE_1.18.1/STM32CubeIDE/plugins/com.st.stm32cube.ide.mcu.externaltools.gnu-tools-for-stm32.13.3.rel1.win32_1.0.0.202411081344/tools/bin/../lib/gcc/arm-none-eabi/13.3.1/thumb/v7e-m+dp/hard/crtbegin.o
                [!provide]                        PROVIDE (__fini_array_end = .)
                0x08005760                        . = ALIGN (0x4)
                0x08005760                        _sidata = LOADADDR (.data)

.rel.dyn        0x08005760        0x0
 .rel.iplt      0x08005760        0x0 C:/ST/STM32CubeIDE_1.18.1/STM32CubeIDE/plugins/com.st.stm32cube.ide.mcu.externaltools.gnu-tools-for-stm32.13.3.rel1.win32_1.0.0.202411081344/tools/bin/../lib/gcc/arm-none-eabi/13.3.1/thumb/v7e-m+dp/hard/crtbegin.o

.data           0x20000000       0x10 load address 0x08005760
                0x20000000                        . = ALIGN (0x4)
                0x20000000                        _sdata = .
 *(.data)
 *(.data*)
 .data.SystemCoreClock
                0x20000000        0x4 ./Core/Src/system_stm32f7xx.o
                0x20000000                SystemCoreClock
 .data.uwTickPrio
                0x20000004        0x4 ./Drivers/STM32F7xx_HAL_Driver/Src/stm32f7xx_hal.o
                0x20000004                uwTickPrio
 .data.uwTickFreq
                0x20000008        0x1 ./Drivers/STM32F7xx_HAL_Driver/Src/stm32f7xx_hal.o
                0x20000008                uwTickFreq
 *fill*         0x20000009        0x3 
 .data.uxCriticalNesting
                0x2000000c        0x4 ./Middlewares/Third_Party/FreeRTOS/Source/portable/GCC/ARM_CM7/r0p1/port.o
 *(.RamFunc)
 *(.RamFunc*)
                0x20000010                        . = ALIGN (0x4)
                0x20000010                        _edata = .

.igot.plt       0x20000010        0x0 load address 0x08005770
 .igot.plt      0x20000010        0x0 C:/ST/STM32CubeIDE_1.18.1/STM32CubeIDE/plugins/com.st.stm32cube.ide.mcu.externaltools.gnu-tools-for-stm32.13.3.rel1.win32_1.0.0.202411081344/tools/bin/../lib/gcc/arm-none-eabi/13.3.1/thumb/v7e-m+dp/hard/crtbegin.o
                0x20000010                        . = ALIGN (0x4)

.bss            0x20000010     0x3e04 load address 0x08005770
                0x20000010                        _sbss = .
                0x20000010                        __bss_start__ = _sbss
 *(.bss)
 .bss           0x20000010       0x1c C:/ST/STM32CubeIDE_1.18.1/STM32CubeIDE/plugins/com.st.stm32cube.ide.mcu.externaltools.gnu-tools-for-stm32.13.3.rel1.win32_1.0.0.202411081344/tools/bin/../lib/gcc/arm-none-eabi/13.3.1/thumb/v7e-m+dp/hard/crtbegin.o
 *(.bss*)
 .bss.huart3    0x2000002c       0x88 ./Core/Src/main.o
                0x2000002c                huart3
 .bss.rxBuffer  0x200000b4        0x8 ./Core/Src/main.o
                0x200000b4                rxBuffer
 .bss.rData     0x200000bc        0x1 ./Core/Src/main.o
                0x200000bc                rData
 .bss.pos       0x200000bd        0x1 ./Core/Src/main.o
                0x200000bd                pos
 *fill*         0x200000be        0x2 
 .bss.xSemaphore
                0x200000c0        0x4 ./Core/Src/main.o
                0x200000c0                xSemaphore
 .bss.uwTick    0x200000c4        0x4 ./Drivers/STM32F7xx_HAL_Driver/Src/stm32f7xx_hal.o
                0x200000c4                uwTick
 .bss.pxCurrentTCB
                0x200000c8        0x4 ./Middlewares/Third_Party/FreeRTOS/Source/tasks.o
                0x200000c8                pxCurrentTCB
 .bss.pxReadyTasksLists
                0x200000cc       0x8c ./Middlewares/Third_Party/FreeRTOS/Source/tasks.o
 .bss.xDelayedTaskList1
                0x20000158       0x14 ./Middlewares/Third_Party/FreeRTOS/Source/tasks.o
 .bss.xDelayedTaskList2
                0x2000016c       0x14 ./Middlewares/Third_Party/FreeRTOS/Source/tasks.o
 .bss.pxDelayedTaskList
                0x20000180        0x4 ./Middlewares/Third_Party/FreeRTOS/Source/tasks.o
 .bss.pxOverflowDelayedTaskList
                0x20000184        0x4 ./Middlewares/Third_Party/FreeRTOS/Source/tasks.o
 .bss.xPendingReadyList
                0x20000188       0x14 ./Middlewares/Third_Party/FreeRTOS/Source/tasks.o
 .bss.xTasksWaitingTermination
                0x2000019c       0x14 ./Middlewares/Third_Party/FreeRTOS/Source/tasks.o
 .bss.uxDeletedTasksWaitingCleanUp
                0x200001b0        0x4 ./Middlewares/Third_Party/FreeRTOS/Source/tasks.o
 .bss.xSuspendedTaskList
                0x200001b4       0x14 ./Middlewares/Third_Party/FreeRTOS/Source/tasks.o
 .bss.uxCurrentNumberOfTasks
                0x200001c8        0x4 ./Middlewares/Third_Party/FreeRTOS/Source/tasks.o
 .bss.xTickCount
                0x200001cc        0x4 ./Middlewares/Third_Party/FreeRTOS/Source/tasks.o
 .bss.uxTopReadyPriority
                0x200001d0        0x4 ./Middlewares/Third_Party/FreeRTOS/Source/tasks.o
 .bss.xSchedulerRunning
                0x200001d4        0x4 ./Middlewares/Third_Party/FreeRTOS/Source/tasks.o
 .bss.uxPendedTicks
                0x200001d8        0x4 ./Middlewares/Third_Party/FreeRTOS/Source/tasks.o
 .bss.xYieldPending
                0x200001dc        0x4 ./Middlewares/Third_Party/FreeRTOS/Source/tasks.o
 .bss.xNumOfOverflows
                0x200001e0        0x4 ./Middlewares/Third_Party/FreeRTOS/Source/tasks.o
 .bss.uxTaskNumber
                0x200001e4        0x4 ./Middlewares/Third_Party/FreeRTOS/Source/tasks.o
 .bss.xNextTaskUnblockTime
                0x200001e8        0x4 ./Middlewares/Third_Party/FreeRTOS/Source/tasks.o
 .bss.xIdleTaskHandle
                0x200001ec        0x4 ./Middlewares/Third_Party/FreeRTOS/Source/tasks.o
 .bss.uxSchedulerSuspended
                0x200001f0        0x4 ./Middlewares/Third_Party/FreeRTOS/Source/tasks.o
 .bss.ucMaxSysCallPriority
                0x200001f4        0x1 ./Middlewares/Third_Party/FreeRTOS/Source/portable/GCC/ARM_CM7/r0p1/port.o
 *fill*         0x200001f5        0x3 
 .bss.ulMaxPRIGROUPValue
                0x200001f8        0x4 ./Middlewares/Third_Party/FreeRTOS/Source/portable/GCC/ARM_CM7/r0p1/port.o
 .bss.ucHeap    0x200001fc     0x3c00 ./Middlewares/Third_Party/FreeRTOS/Source/portable/MemMang/heap_4.o
 .bss.xStart    0x20003dfc        0x8 ./Middlewares/Third_Party/FreeRTOS/Source/portable/MemMang/heap_4.o
 .bss.pxEnd     0x20003e04        0x4 ./Middlewares/Third_Party/FreeRTOS/Source/portable/MemMang/heap_4.o
 .bss.xFreeBytesRemaining
                0x20003e08        0x4 ./Middlewares/Third_Party/FreeRTOS/Source/portable/MemMang/heap_4.o
 .bss.xMinimumEverFreeBytesRemaining
                0x20003e0c        0x4 ./Middlewares/Third_Party/FreeRTOS/Source/portable/MemMang/heap_4.o
 .bss.xBlockAllocatedBit
                0x20003e10        0x4 ./Middlewares/Third_Party/FreeRTOS/Source/portable/MemMang/heap_4.o
 *(COMMON)
                0x20003e14                        . = ALIGN (0x4)
                0x20003e14                        _ebss = .
                0x20003e14                        __bss_end__ = _ebss

._user_heap_stack
                0x20003e14      0x604 load address 0x08005770
                0x20003e18                        . = ALIGN (0x8)
 *fill*         0x20003e14        0x4 
                [!provide]                        PROVIDE (end = .)
                0x20003e18                        PROVIDE (_end = .)
                0x20004018                        . = (. + _Min_Heap_Size)
 *fill*         0x20003e18      0x200 
                0x20004418                        . = (. + _Min_Stack_Size)
 *fill*         0x20004018      0x400 
                0x20004418                        . = ALIGN (0x8)

/DISCARD/
 libc.a(*)
 libm.a(*)
 libgcc.a(*)

.ARM.attributes
                0x00000000       0x2e
 *(.ARM.attributes)
 .ARM.attributes
                0x00000000       0x20 C:/ST/STM32CubeIDE_1.18.1/STM32CubeIDE/plugins/com.st.stm32cube.ide.mcu.externaltools.gnu-tools-for-stm32.13.3.rel1.win32_1.0.0.202411081344/tools/bin/../lib/gcc/arm-none-eabi/13.3.1/thumb/v7e-m+dp/hard/crti.o
 .ARM.attributes
                0x00000020       0x32 C:/ST/STM32CubeIDE_1.18.1/STM32CubeIDE/plugins/com.st.stm32cube.ide.mcu.externaltools.gnu-tools-for-stm32.13.3.rel1.win32_1.0.0.202411081344/tools/bin/../lib/gcc/arm-none-eabi/13.3.1/thumb/v7e-m+dp/hard/crtbegin.o
 .ARM.attributes
                0x00000052       0x32 ./Core/Src/main.o
 .ARM.attributes
                0x00000084       0x32 ./Core/Src/stm32f7xx_hal_msp.o
 .ARM.attributes
                0x000000b6       0x32 ./Core/Src/stm32f7xx_it.o
 .ARM.attributes
                0x000000e8       0x32 ./Core/Src/system_stm32f7xx.o
 .ARM.attributes
                0x0000011a       0x21 ./Core/Startup/startup_stm32f767zitx.o
 .ARM.attributes
                0x0000013b       0x32 ./Drivers/STM32F7xx_HAL_Driver/Src/stm32f7xx_hal.o
 .ARM.attributes
                0x0000016d       0x32 ./Drivers/STM32F7xx_HAL_Driver/Src/stm32f7xx_hal_cortex.o
 .ARM.attributes
                0x0000019f       0x32 ./Drivers/STM32F7xx_HAL_Driver/Src/stm32f7xx_hal_dma.o
 .ARM.attributes
                0x000001d1       0x32 ./Drivers/STM32F7xx_HAL_Driver/Src/stm32f7xx_hal_gpio.o
 .ARM.attributes
                0x00000203       0x32 ./Drivers/STM32F7xx_HAL_Driver/Src/stm32f7xx_hal_rcc.o
 .ARM.attributes
                0x00000235       0x32 ./Drivers/STM32F7xx_HAL_Driver/Src/stm32f7xx_hal_rcc_ex.o
 .ARM.attributes
                0x00000267       0x32 ./Drivers/STM32F7xx_HAL_Driver/Src/stm32f7xx_hal_uart.o
 .ARM.attributes
                0x00000299       0x32 ./Middlewares/Third_Party/FreeRTOS/Source/list.o
 .ARM.attributes
                0x000002cb       0x32 ./Middlewares/Third_Party/FreeRTOS/Source/queue.o
 .ARM.attributes
                0x000002fd       0x32 ./Middlewares/Third_Party/FreeRTOS/Source/tasks.o
 .ARM.attributes
                0x0000032f       0x32 ./Middlewares/Third_Party/FreeRTOS/Source/portable/GCC/ARM_CM7/r0p1/port.o
 .ARM.attributes
                0x00000361       0x32 ./Middlewares/Third_Party/FreeRTOS/Source/portable/MemMang/heap_4.o
 .ARM.attributes
                0x00000393       0x32 C:/ST/STM32CubeIDE_1.18.1/STM32CubeIDE/plugins/com.st.stm32cube.ide.mcu.externaltools.gnu-tools-for-stm32.13.3.rel1.win32_1.0.0.202411081344/tools/bin/../lib/gcc/arm-none-eabi/13.3.1/../../../../arm-none-eabi/lib/thumb/v7e-m+dp/hard\libc_nano.a(libc_a-memset.o)
 .ARM.attributes
                0x000003c5       0x32 C:/ST/STM32CubeIDE_1.18.1/STM32CubeIDE/plugins/com.st.stm32cube.ide.mcu.externaltools.gnu-tools-for-stm32.13.3.rel1.win32_1.0.0.202411081344/tools/bin/../lib/gcc/arm-none-eabi/13.3.1/../../../../arm-none-eabi/lib/thumb/v7e-m+dp/hard\libc_nano.a(libc_a-strstr.o)
 .ARM.attributes
                0x000003f7       0x32 C:/ST/STM32CubeIDE_1.18.1/STM32CubeIDE/plugins/com.st.stm32cube.ide.mcu.externaltools.gnu-tools-for-stm32.13.3.rel1.win32_1.0.0.202411081344/tools/bin/../lib/gcc/arm-none-eabi/13.3.1/../../../../arm-none-eabi/lib/thumb/v7e-m+dp/hard\libc_nano.a(libc_a-init.o)
 .ARM.attributes
                0x00000429       0x20 C:/ST/STM32CubeIDE_1.18.1/STM32CubeIDE/plugins/com.st.stm32cube.ide.mcu.externaltools.gnu-tools-for-stm32.13.3.rel1.win32_1.0.0.202411081344/tools/bin/../lib/gcc/arm-none-eabi/13.3.1/thumb/v7e-m+dp/hard\libgcc.a(_aeabi_uldivmod.o)
 .ARM.attributes
                0x00000449       0x32 C:/ST/STM32CubeIDE_1.18.1/STM32CubeIDE/plugins/com.st.stm32cube.ide.mcu.externaltools.gnu-tools-for-stm32.13.3.rel1.win32_1.0.0.202411081344/tools/bin/../lib/gcc/arm-none-eabi/13.3.1/thumb/v7e-m+dp/hard\libgcc.a(_udivmoddi4.o)
 .ARM.attributes
                0x0000047b       0x20 C:/ST/STM32CubeIDE_1.18.1/STM32CubeIDE/plugins/com.st.stm32cube.ide.mcu.externaltools.gnu-tools-for-stm32.13.3.rel1.win32_1.0.0.202411081344/tools/bin/../lib/gcc/arm-none-eabi/13.3.1/thumb/v7e-m+dp/hard\libgcc.a(_dvmd_tls.o)
 .ARM.attributes
                0x0000049b       0x20 C:/ST/STM32CubeIDE_1.18.1/STM32CubeIDE/plugins/com.st.stm32cube.ide.mcu.externaltools.gnu-tools-for-stm32.13.3.rel1.win32_1.0.0.202411081344/tools/bin/../lib/gcc/arm-none-eabi/13.3.1/thumb/v7e-m+dp/hard/crtn.o
OUTPUT(FreeRTOS_ Semaphores.elf elf32-littlearm)
LOAD linker stubs
LOAD C:/ST/STM32CubeIDE_1.18.1/STM32CubeIDE/plugins/com.st.stm32cube.ide.mcu.externaltools.gnu-tools-for-stm32.13.3.rel1.win32_1.0.0.202411081344/tools/bin/../lib/gcc/arm-none-eabi/13.3.1/../../../../arm-none-eabi/lib/thumb/v7e-m+dp/hard\libc.a
LOAD C:/ST/STM32CubeIDE_1.18.1/STM32CubeIDE/plugins/com.st.stm32cube.ide.mcu.externaltools.gnu-tools-for-stm32.13.3.rel1.win32_1.0.0.202411081344/tools/bin/../lib/gcc/arm-none-eabi/13.3.1/../../../../arm-none-eabi/lib/thumb/v7e-m+dp/hard\libm.a
LOAD C:/ST/STM32CubeIDE_1.18.1/STM32CubeIDE/plugins/com.st.stm32cube.ide.mcu.externaltools.gnu-tools-for-stm32.13.3.rel1.win32_1.0.0.202411081344/tools/bin/../lib/gcc/arm-none-eabi/13.3.1/thumb/v7e-m+dp/hard\libgcc.a

.debug_info     0x00000000     0xdc3a
 .debug_info    0x00000000     0x101c ./Core/Src/main.o
 .debug_info    0x0000101c      0xf98 ./Core/Src/stm32f7xx_hal_msp.o
 .debug_info    0x00001fb4      0x726 ./Core/Src/stm32f7xx_it.o
 .debug_info    0x000026da      0x6ed ./Core/Src/system_stm32f7xx.o
 .debug_info    0x00002dc7       0x30 ./Core/Startup/startup_stm32f767zitx.o
 .debug_info    0x00002df7      0xa4c ./Drivers/STM32F7xx_HAL_Driver/Src/stm32f7xx_hal.o
 .debug_info    0x00003843      0xfc0 ./Drivers/STM32F7xx_HAL_Driver/Src/stm32f7xx_hal_cortex.o
 .debug_info    0x00004803      0x8e7 ./Drivers/STM32F7xx_HAL_Driver/Src/stm32f7xx_hal_dma.o
 .debug_info    0x000050ea      0x6f3 ./Drivers/STM32F7xx_HAL_Driver/Src/stm32f7xx_hal_gpio.o
 .debug_info    0x000057dd      0x94b ./Drivers/STM32F7xx_HAL_Driver/Src/stm32f7xx_hal_rcc.o
 .debug_info    0x00006128      0x6e1 ./Drivers/STM32F7xx_HAL_Driver/Src/stm32f7xx_hal_rcc_ex.o
 .debug_info    0x00006809     0x3b13 ./Drivers/STM32F7xx_HAL_Driver/Src/stm32f7xx_hal_uart.o
 .debug_info    0x0000a31c      0x2af ./Middlewares/Third_Party/FreeRTOS/Source/list.o
 .debug_info    0x0000a5cb     0x14d5 ./Middlewares/Third_Party/FreeRTOS/Source/queue.o
 .debug_info    0x0000baa0     0x1930 ./Middlewares/Third_Party/FreeRTOS/Source/tasks.o
 .debug_info    0x0000d3d0      0x4a7 ./Middlewares/Third_Party/FreeRTOS/Source/portable/GCC/ARM_CM7/r0p1/port.o
 .debug_info    0x0000d877      0x3c3 ./Middlewares/Third_Party/FreeRTOS/Source/portable/MemMang/heap_4.o

.debug_abbrev   0x00000000     0x24d4
 .debug_abbrev  0x00000000      0x2fc ./Core/Src/main.o
 .debug_abbrev  0x000002fc      0x1f5 ./Core/Src/stm32f7xx_hal_msp.o
 .debug_abbrev  0x000004f1      0x189 ./Core/Src/stm32f7xx_it.o
 .debug_abbrev  0x0000067a      0x13b ./Core/Src/system_stm32f7xx.o
 .debug_abbrev  0x000007b5       0x24 ./Core/Startup/startup_stm32f767zitx.o
 .debug_abbrev  0x000007d9      0x213 ./Drivers/STM32F7xx_HAL_Driver/Src/stm32f7xx_hal.o
 .debug_abbrev  0x000009ec      0x31e ./Drivers/STM32F7xx_HAL_Driver/Src/stm32f7xx_hal_cortex.o
 .debug_abbrev  0x00000d0a      0x264 ./Drivers/STM32F7xx_HAL_Driver/Src/stm32f7xx_hal_dma.o
 .debug_abbrev  0x00000f6e      0x1d4 ./Drivers/STM32F7xx_HAL_Driver/Src/stm32f7xx_hal_gpio.o
 .debug_abbrev  0x00001142      0x2de ./Drivers/STM32F7xx_HAL_Driver/Src/stm32f7xx_hal_rcc.o
 .debug_abbrev  0x00001420      0x1c9 ./Drivers/STM32F7xx_HAL_Driver/Src/stm32f7xx_hal_rcc_ex.o
 .debug_abbrev  0x000015e9      0x2e6 ./Drivers/STM32F7xx_HAL_Driver/Src/stm32f7xx_hal_uart.o
 .debug_abbrev  0x000018cf       0xf5 ./Middlewares/Third_Party/FreeRTOS/Source/list.o
 .debug_abbrev  0x000019c4      0x351 ./Middlewares/Third_Party/FreeRTOS/Source/queue.o
 .debug_abbrev  0x00001d15      0x34b ./Middlewares/Third_Party/FreeRTOS/Source/tasks.o
 .debug_abbrev  0x00002060      0x26f ./Middlewares/Third_Party/FreeRTOS/Source/portable/GCC/ARM_CM7/r0p1/port.o
 .debug_abbrev  0x000022cf      0x205 ./Middlewares/Third_Party/FreeRTOS/Source/portable/MemMang/heap_4.o

.debug_aranges  0x00000000      0xb08
 .debug_aranges
                0x00000000       0x60 ./Core/Src/main.o
 .debug_aranges
                0x00000060       0x30 ./Core/Src/stm32f7xx_hal_msp.o
 .debug_aranges
                0x00000090       0x58 ./Core/Src/stm32f7xx_it.o
 .debug_aranges
                0x000000e8       0x28 ./Core/Src/system_stm32f7xx.o
 .debug_aranges
                0x00000110       0x28 ./Core/Startup/startup_stm32f767zitx.o
 .debug_aranges
                0x00000138      0x110 ./Drivers/STM32F7xx_HAL_Driver/Src/stm32f7xx_hal.o
 .debug_aranges
                0x00000248      0x128 ./Drivers/STM32F7xx_HAL_Driver/Src/stm32f7xx_hal_cortex.o
 .debug_aranges
                0x00000370       0x90 ./Drivers/STM32F7xx_HAL_Driver/Src/stm32f7xx_hal_dma.o
 .debug_aranges
                0x00000400       0x58 ./Drivers/STM32F7xx_HAL_Driver/Src/stm32f7xx_hal_gpio.o
 .debug_aranges
                0x00000458       0x88 ./Drivers/STM32F7xx_HAL_Driver/Src/stm32f7xx_hal_rcc.o
 .debug_aranges
                0x000004e0       0x50 ./Drivers/STM32F7xx_HAL_Driver/Src/stm32f7xx_hal_rcc_ex.o
 .debug_aranges
                0x00000530      0x230 ./Drivers/STM32F7xx_HAL_Driver/Src/stm32f7xx_hal_uart.o
 .debug_aranges
                0x00000760       0x40 ./Middlewares/Third_Party/FreeRTOS/Source/list.o
 .debug_aranges
                0x000007a0       0xf8 ./Middlewares/Third_Party/FreeRTOS/Source/queue.o
 .debug_aranges
                0x00000898      0x1a0 ./Middlewares/Third_Party/FreeRTOS/Source/tasks.o
 .debug_aranges
                0x00000a38       0x80 ./Middlewares/Third_Party/FreeRTOS/Source/portable/GCC/ARM_CM7/r0p1/port.o
 .debug_aranges
                0x00000ab8       0x50 ./Middlewares/Third_Party/FreeRTOS/Source/portable/MemMang/heap_4.o

.debug_rnglists
                0x00000000      0x879
 .debug_rnglists
                0x00000000       0x46 ./Core/Src/main.o
 .debug_rnglists
                0x00000046       0x20 ./Core/Src/stm32f7xx_hal_msp.o
 .debug_rnglists
                0x00000066       0x3d ./Core/Src/stm32f7xx_it.o
 .debug_rnglists
                0x000000a3       0x1a ./Core/Src/system_stm32f7xx.o
 .debug_rnglists
                0x000000bd       0x19 ./Core/Startup/startup_stm32f767zitx.o
 .debug_rnglists
                0x000000d6       0xc7 ./Drivers/STM32F7xx_HAL_Driver/Src/stm32f7xx_hal.o
 .debug_rnglists
                0x0000019d       0xda ./Drivers/STM32F7xx_HAL_Driver/Src/stm32f7xx_hal_cortex.o
 .debug_rnglists
                0x00000277       0x70 ./Drivers/STM32F7xx_HAL_Driver/Src/stm32f7xx_hal_dma.o
 .debug_rnglists
                0x000002e7       0x3f ./Drivers/STM32F7xx_HAL_Driver/Src/stm32f7xx_hal_gpio.o
 .debug_rnglists
                0x00000326       0x67 ./Drivers/STM32F7xx_HAL_Driver/Src/stm32f7xx_hal_rcc.o
 .debug_rnglists
                0x0000038d       0x3c ./Drivers/STM32F7xx_HAL_Driver/Src/stm32f7xx_hal_rcc_ex.o
 .debug_rnglists
                0x000003c9      0x1e0 ./Drivers/STM32F7xx_HAL_Driver/Src/stm32f7xx_hal_uart.o
 .debug_rnglists
                0x000005a9       0x2b ./Middlewares/Third_Party/FreeRTOS/Source/list.o
 .debug_rnglists
                0x000005d4       0xc0 ./Middlewares/Third_Party/FreeRTOS/Source/queue.o
 .debug_rnglists
                0x00000694      0x14d ./Middlewares/Third_Party/FreeRTOS/Source/tasks.o
 .debug_rnglists
                0x000007e1       0x5d ./Middlewares/Third_Party/FreeRTOS/Source/portable/GCC/ARM_CM7/r0p1/port.o
 .debug_rnglists
                0x0000083e       0x3b ./Middlewares/Third_Party/FreeRTOS/Source/portable/MemMang/heap_4.o

.debug_macro    0x00000000     0x2ad1
 .debug_macro   0x00000000      0x351 ./Core/Src/main.o
 .debug_macro   0x00000351       0xe4 ./Core/Src/main.o
 .debug_macro   0x00000435       0x91 ./Core/Src/main.o
 .debug_macro   0x000004c6       0x86 ./Core/Src/main.o
 .debug_macro   0x0000054c       0x69 ./Core/Src/main.o
 .debug_macro   0x000005b5       0x19 ./Core/Src/main.o
 .debug_macro   0x000005ce       0x61 ./Core/Src/main.o
 .debug_macro   0x0000062f       0x29 ./Core/Src/main.o
 .debug_macro   0x00000658       0x43 ./Core/Src/main.o
 .debug_macro   0x0000069b       0x34 ./Core/Src/main.o
 .debug_macro   0x000006cf      0x370 ./Core/Src/main.o
 .debug_macro   0x00000a3f       0x16 ./Core/Src/main.o
 .debug_macro   0x00000a55       0x4a ./Core/Src/main.o
 .debug_macro   0x00000a9f       0x34 ./Core/Src/main.o
 .debug_macro   0x00000ad3       0x10 ./Core/Src/main.o
 .debug_macro   0x00000ae3       0x58 ./Core/Src/main.o
 .debug_macro   0x00000b3b       0x8e ./Core/Src/main.o
 .debug_macro   0x00000bc9       0x1c ./Core/Src/main.o
 .debug_macro   0x00000be5      0x185 ./Core/Src/main.o
 .debug_macro   0x00000d6a       0x10 ./Core/Src/main.o
 .debug_macro   0x00000d7a       0x3c ./Core/Src/main.o
 .debug_macro   0x00000db6       0x20 ./Core/Src/main.o
 .debug_macro   0x00000dd6      0x1d9 ./Core/Src/stm32f7xx_hal_msp.o
 .debug_macro   0x00000faf      0x24b ./Core/Src/stm32f7xx_it.o
 .debug_macro   0x000011fa      0x1cf ./Core/Src/system_stm32f7xx.o
 .debug_macro   0x000013c9      0x1f3 ./Drivers/STM32F7xx_HAL_Driver/Src/stm32f7xx_hal.o
 .debug_macro   0x000015bc      0x1cf ./Drivers/STM32F7xx_HAL_Driver/Src/stm32f7xx_hal_cortex.o
 .debug_macro   0x0000178b      0x1d5 ./Drivers/STM32F7xx_HAL_Driver/Src/stm32f7xx_hal_dma.o
 .debug_macro   0x00001960      0x1d5 ./Drivers/STM32F7xx_HAL_Driver/Src/stm32f7xx_hal_gpio.o
 .debug_macro   0x00001b35      0x1f3 ./Drivers/STM32F7xx_HAL_Driver/Src/stm32f7xx_hal_rcc.o
 .debug_macro   0x00001d28      0x1cf ./Drivers/STM32F7xx_HAL_Driver/Src/stm32f7xx_hal_rcc_ex.o
 .debug_macro   0x00001ef7      0x1ec ./Drivers/STM32F7xx_HAL_Driver/Src/stm32f7xx_hal_uart.o
 .debug_macro   0x000020e3      0x187 ./Middlewares/Third_Party/FreeRTOS/Source/list.o
 .debug_macro   0x0000226a      0x216 ./Middlewares/Third_Party/FreeRTOS/Source/queue.o
 .debug_macro   0x00002480       0x16 ./Middlewares/Third_Party/FreeRTOS/Source/queue.o
 .debug_macro   0x00002496       0x80 ./Middlewares/Third_Party/FreeRTOS/Source/queue.o
 .debug_macro   0x00002516      0x279 ./Middlewares/Third_Party/FreeRTOS/Source/tasks.o
 .debug_macro   0x0000278f       0x10 ./Middlewares/Third_Party/FreeRTOS/Source/tasks.o
 .debug_macro   0x0000279f      0x184 ./Middlewares/Third_Party/FreeRTOS/Source/portable/GCC/ARM_CM7/r0p1/port.o
 .debug_macro   0x00002923      0x1ae ./Middlewares/Third_Party/FreeRTOS/Source/portable/MemMang/heap_4.o

.debug_line     0x00000000     0xe808
 .debug_line    0x00000000      0xb84 ./Core/Src/main.o
 .debug_line    0x00000b84      0x7a7 ./Core/Src/stm32f7xx_hal_msp.o
 .debug_line    0x0000132b      0x8f5 ./Core/Src/stm32f7xx_it.o
 .debug_line    0x00001c20      0x7b4 ./Core/Src/system_stm32f7xx.o
 .debug_line    0x000023d4       0x7a ./Core/Startup/startup_stm32f767zitx.o
 .debug_line    0x0000244e      0xa97 ./Drivers/STM32F7xx_HAL_Driver/Src/stm32f7xx_hal.o
 .debug_line    0x00002ee5      0xce7 ./Drivers/STM32F7xx_HAL_Driver/Src/stm32f7xx_hal_cortex.o
 .debug_line    0x00003bcc      0xfb4 ./Drivers/STM32F7xx_HAL_Driver/Src/stm32f7xx_hal_dma.o
 .debug_line    0x00004b80      0xbc1 ./Drivers/STM32F7xx_HAL_Driver/Src/stm32f7xx_hal_gpio.o
 .debug_line    0x00005741      0xf9c ./Drivers/STM32F7xx_HAL_Driver/Src/stm32f7xx_hal_rcc.o
 .debug_line    0x000066dd      0xeea ./Drivers/STM32F7xx_HAL_Driver/Src/stm32f7xx_hal_rcc_ex.o
 .debug_line    0x000075c7     0x2d53 ./Drivers/STM32F7xx_HAL_Driver/Src/stm32f7xx_hal_uart.o
 .debug_line    0x0000a31a      0x790 ./Middlewares/Third_Party/FreeRTOS/Source/list.o
 .debug_line    0x0000aaaa     0x142a ./Middlewares/Third_Party/FreeRTOS/Source/queue.o
 .debug_line    0x0000bed4     0x17e6 ./Middlewares/Third_Party/FreeRTOS/Source/tasks.o
 .debug_line    0x0000d6ba      0x803 ./Middlewares/Third_Party/FreeRTOS/Source/portable/GCC/ARM_CM7/r0p1/port.o
 .debug_line    0x0000debd      0x94b ./Middlewares/Third_Party/FreeRTOS/Source/portable/MemMang/heap_4.o

.debug_str      0x00000000    0xf80c9
 .debug_str     0x00000000    0xf80c9 ./Core/Src/main.o
                              0xf4065 (size before relaxing)
 .debug_str     0x000f80c9    0xebfe0 ./Core/Src/stm32f7xx_hal_msp.o
 .debug_str     0x000f80c9    0xef274 ./Core/Src/stm32f7xx_it.o
 .debug_str     0x000f80c9    0xeb26d ./Core/Src/system_stm32f7xx.o
 .debug_str     0x000f80c9       0x8e ./Core/Startup/startup_stm32f767zitx.o
 .debug_str     0x000f80c9    0xebcad ./Drivers/STM32F7xx_HAL_Driver/Src/stm32f7xx_hal.o
 .debug_str     0x000f80c9    0xebc8f ./Drivers/STM32F7xx_HAL_Driver/Src/stm32f7xx_hal_cortex.o
 .debug_str     0x000f80c9    0xeb5ac ./Drivers/STM32F7xx_HAL_Driver/Src/stm32f7xx_hal_dma.o
 .debug_str     0x000f80c9    0xeb32b ./Drivers/STM32F7xx_HAL_Driver/Src/stm32f7xx_hal_gpio.o
 .debug_str     0x000f80c9    0xeb5e8 ./Drivers/STM32F7xx_HAL_Driver/Src/stm32f7xx_hal_rcc.o
 .debug_str     0x000f80c9    0xeb54b ./Drivers/STM32F7xx_HAL_Driver/Src/stm32f7xx_hal_rcc_ex.o
 .debug_str     0x000f80c9    0xebf36 ./Drivers/STM32F7xx_HAL_Driver/Src/stm32f7xx_hal_uart.o
 .debug_str     0x000f80c9     0xabcb ./Middlewares/Third_Party/FreeRTOS/Source/list.o
 .debug_str     0x000f80c9     0xc363 ./Middlewares/Third_Party/FreeRTOS/Source/queue.o
 .debug_str     0x000f80c9     0xcdaa ./Middlewares/Third_Party/FreeRTOS/Source/tasks.o
 .debug_str     0x000f80c9     0x86f0 ./Middlewares/Third_Party/FreeRTOS/Source/portable/GCC/ARM_CM7/r0p1/port.o
 .debug_str     0x000f80c9     0xb3e8 ./Middlewares/Third_Party/FreeRTOS/Source/portable/MemMang/heap_4.o

.comment        0x00000000       0x43
 .comment       0x00000000       0x43 ./Core/Src/main.o
                                 0x44 (size before relaxing)
 .comment       0x00000043       0x44 ./Core/Src/stm32f7xx_hal_msp.o
 .comment       0x00000043       0x44 ./Core/Src/stm32f7xx_it.o
 .comment       0x00000043       0x44 ./Core/Src/system_stm32f7xx.o
 .comment       0x00000043       0x44 ./Drivers/STM32F7xx_HAL_Driver/Src/stm32f7xx_hal.o
 .comment       0x00000043       0x44 ./Drivers/STM32F7xx_HAL_Driver/Src/stm32f7xx_hal_cortex.o
 .comment       0x00000043       0x44 ./Drivers/STM32F7xx_HAL_Driver/Src/stm32f7xx_hal_dma.o
 .comment       0x00000043       0x44 ./Drivers/STM32F7xx_HAL_Driver/Src/stm32f7xx_hal_gpio.o
 .comment       0x00000043       0x44 ./Drivers/STM32F7xx_HAL_Driver/Src/stm32f7xx_hal_rcc.o
 .comment       0x00000043       0x44 ./Drivers/STM32F7xx_HAL_Driver/Src/stm32f7xx_hal_rcc_ex.o
 .comment       0x00000043       0x44 ./Drivers/STM32F7xx_HAL_Driver/Src/stm32f7xx_hal_uart.o
 .comment       0x00000043       0x44 ./Middlewares/Third_Party/FreeRTOS/Source/list.o
 .comment       0x00000043       0x44 ./Middlewares/Third_Party/FreeRTOS/Source/queue.o
 .comment       0x00000043       0x44 ./Middlewares/Third_Party/FreeRTOS/Source/tasks.o
 .comment       0x00000043       0x44 ./Middlewares/Third_Party/FreeRTOS/Source/portable/GCC/ARM_CM7/r0p1/port.o
 .comment       0x00000043       0x44 ./Middlewares/Third_Party/FreeRTOS/Source/portable/MemMang/heap_4.o

.debug_frame    0x00000000     0x2c08
 .debug_frame   0x00000000      0x130 ./Core/Src/main.o
 .debug_frame   0x00000130       0x80 ./Core/Src/stm32f7xx_hal_msp.o
 .debug_frame   0x000001b0       0xe0 ./Core/Src/stm32f7xx_it.o
 .debug_frame   0x00000290       0x58 ./Core/Src/system_stm32f7xx.o
 .debug_frame   0x000002e8      0x3f4 ./Drivers/STM32F7xx_HAL_Driver/Src/stm32f7xx_hal.o
 .debug_frame   0x000006dc      0x4e8 ./Drivers/STM32F7xx_HAL_Driver/Src/stm32f7xx_hal_cortex.o
 .debug_frame   0x00000bc4      0x250 ./Drivers/STM32F7xx_HAL_Driver/Src/stm32f7xx_hal_dma.o
 .debug_frame   0x00000e14      0x14c ./Drivers/STM32F7xx_HAL_Driver/Src/stm32f7xx_hal_gpio.o
 .debug_frame   0x00000f60      0x1f8 ./Drivers/STM32F7xx_HAL_Driver/Src/stm32f7xx_hal_rcc.o
 .debug_frame   0x00001158      0x118 ./Drivers/STM32F7xx_HAL_Driver/Src/stm32f7xx_hal_rcc_ex.o
 .debug_frame   0x00001270      0xa10 ./Drivers/STM32F7xx_HAL_Driver/Src/stm32f7xx_hal_uart.o
 .debug_frame   0x00001c80       0xd8 ./Middlewares/Third_Party/FreeRTOS/Source/list.o
 .debug_frame   0x00001d58      0x424 ./Middlewares/Third_Party/FreeRTOS/Source/queue.o
 .debug_frame   0x0000217c      0x704 ./Middlewares/Third_Party/FreeRTOS/Source/tasks.o
 .debug_frame   0x00002880      0x1a8 ./Middlewares/Third_Party/FreeRTOS/Source/portable/GCC/ARM_CM7/r0p1/port.o
 .debug_frame   0x00002a28      0x108 ./Middlewares/Third_Party/FreeRTOS/Source/portable/MemMang/heap_4.o
 .debug_frame   0x00002b30       0x20 C:/ST/STM32CubeIDE_1.18.1/STM32CubeIDE/plugins/com.st.stm32cube.ide.mcu.externaltools.gnu-tools-for-stm32.13.3.rel1.win32_1.0.0.202411081344/tools/bin/../lib/gcc/arm-none-eabi/13.3.1/../../../../arm-none-eabi/lib/thumb/v7e-m+dp/hard\libc_nano.a(libc_a-memset.o)
 .debug_frame   0x00002b50       0x2c C:/ST/STM32CubeIDE_1.18.1/STM32CubeIDE/plugins/com.st.stm32cube.ide.mcu.externaltools.gnu-tools-for-stm32.13.3.rel1.win32_1.0.0.202411081344/tools/bin/../lib/gcc/arm-none-eabi/13.3.1/../../../../arm-none-eabi/lib/thumb/v7e-m+dp/hard\libc_nano.a(libc_a-strstr.o)
 .debug_frame   0x00002b7c       0x2c C:/ST/STM32CubeIDE_1.18.1/STM32CubeIDE/plugins/com.st.stm32cube.ide.mcu.externaltools.gnu-tools-for-stm32.13.3.rel1.win32_1.0.0.202411081344/tools/bin/../lib/gcc/arm-none-eabi/13.3.1/../../../../arm-none-eabi/lib/thumb/v7e-m+dp/hard\libc_nano.a(libc_a-init.o)
 .debug_frame   0x00002ba8       0x2c C:/ST/STM32CubeIDE_1.18.1/STM32CubeIDE/plugins/com.st.stm32cube.ide.mcu.externaltools.gnu-tools-for-stm32.13.3.rel1.win32_1.0.0.202411081344/tools/bin/../lib/gcc/arm-none-eabi/13.3.1/thumb/v7e-m+dp/hard\libgcc.a(_aeabi_uldivmod.o)
 .debug_frame   0x00002bd4       0x34 C:/ST/STM32CubeIDE_1.18.1/STM32CubeIDE/plugins/com.st.stm32cube.ide.mcu.externaltools.gnu-tools-for-stm32.13.3.rel1.win32_1.0.0.202411081344/tools/bin/../lib/gcc/arm-none-eabi/13.3.1/thumb/v7e-m+dp/hard\libgcc.a(_udivmoddi4.o)

.debug_line_str
                0x00000000       0x72
 .debug_line_str
                0x00000000       0x72 ./Core/Startup/startup_stm32f767zitx.o
